[2026-04-22T09:58:12.104233+00:00] request.INFO: Matched route "frontend.home.page". {"route":"frontend.home.page","route_parameters":{"_route":"frontend.home.page"},"request_uri":"http://demo.localhost/","method":"GET"} []
[2026-04-22T09:58:12.381902+00:00] app.INFO: Theme "Storefront" compiled for sales channel "Demo Storefront". {"duration_ms":842} []
[2026-04-22T09:58:30.002114+00:00] messenger.INFO: Received message Shopware\Core\Framework\DataAbstractionLayer\Indexing\EntityIndexingMessage {"class":"Shopware\\Core\\Framework\\DataAbstractionLayer\\Indexing\\EntityIndexingMessage","indexer":"product.indexer"} []
[2026-04-22T09:58:31.517660+00:00] messenger.INFO: Message Shopware\Core\Framework\DataAbstractionLayer\Indexing\EntityIndexingMessage handled by Shopware\Core\Framework\DataAbstractionLayer\Indexing\EntityIndexingHandler::__invoke {"indexer":"product.indexer","batch_size":50} []
[2026-04-22T09:59:02.881345+00:00] php.INFO: User Deprecated: Since shopware/core 6.7.0.0: Method "Shopware\Demo\LegacyService::fetch()" is deprecated, use "fetchAll()" instead. {"exception":{"class":"ErrorException","message":"User Deprecated: Since shopware/core 6.7.0.0: Method \"Shopware\\Demo\\LegacyService::fetch()\" is deprecated","code":0,"file":"/var/www/html/custom/plugins/DemoPlugin/src/Service/LegacyService.php:42"}} []
[2026-04-22T09:59:40.250019+00:00] request.INFO: Matched route "frontend.detail.page". {"route":"frontend.detail.page","route_parameters":{"productId":"0192a5d1c0de7a1f9a2b3c4d5e6f7a8b"},"request_uri":"http://demo.localhost/detail/0192a5d1c0de7a1f9a2b3c4d5e6f7a8b","method":"GET"} []
[2026-04-22T10:00:05.640112+00:00] cache.NOTICE: HTTP cache miss for "frontend.detail.page", storing response. {"cache_key":"demo-cache-key-detail-0001","ttl":7200} []
[2026-04-22T10:01:14.993427+00:00] app.WARNING: Product "DEMO-SKU-1001" has no cover media assigned, falling back to placeholder. {"productNumber":"DEMO-SKU-1001"} []
[2026-04-22T10:02:41.071830+00:00] scheduled_task.INFO: Scheduled task "product_export_generate_task" executed. {"task":"product_export_generate_task","duration_ms":1530} []
[2026-04-22T10:03:22.418255+00:00] request.ERROR: Uncaught PHP Exception Shopware\Core\Checkout\Cart\Exception\LineItemNotFoundException: "Line item with identifier demo-line-item-42 not found." at /var/www/html/src/Core/Checkout/Cart/LineItem/LineItemCollection.php line 118 {"exception":{"class":"Shopware\\Core\\Checkout\\Cart\\Exception\\LineItemNotFoundException","message":"Line item with identifier demo-line-item-42 not found.","code":0,"file":"/var/www/html/src/Core/Checkout/Cart/LineItem/LineItemCollection.php:118"},"correlation_id":"demo-correlation-abc-123"} []
#0 /var/www/html/src/Core/Checkout/Cart/SalesChannel/CartItemRemoveRoute.php(61): Shopware\Core\Checkout\Cart\LineItem\LineItemCollection->get('demo-line-item-42')
#1 /var/www/html/src/Storefront/Controller/CartLineItemController.php(103): Shopware\Core\Checkout\Cart\SalesChannel\CartItemRemoveRoute->remove()
#2 {main}
[2026-04-22T10:03:22.420917+00:00] app.INFO: Cart recalculated after failed line item removal. {"correlation_id":"demo-correlation-abc-123","line_item_count":2} []
[2026-04-22T10:04:10.305581+00:00] messenger.WARNING: Error thrown while handling message Shopware\Demo\Message\SyncStockMessage. Sending for retry #1 using 1000 ms delay. {"class":"Shopware\\Demo\\Message\\SyncStockMessage","retryCount":1,"delay":1000,"error":"Stock service responded with HTTP 503 (demo)."} []
[2026-04-22T10:04:11.322004+00:00] messenger.INFO: Message Shopware\Demo\Message\SyncStockMessage handled by Shopware\Demo\MessageHandler\SyncStockHandler::__invoke {"retryCount":1} []
[2026-04-22T10:05:47.661290+00:00] app.ERROR: Failed to create order: the cart contains a product that is no longer available. {"productNumber":"DEMO-SKU-2002","correlation_id":"demo-correlation-def-456"} []
[2026-04-22T10:06:03.112374+00:00] doctrine.WARNING: Slow query detected (1840 ms) while loading product listing. {"duration_ms":1840,"entity":"product","criteria_limit":24} []
[2026-04-22T10:07:29.847150+00:00] php.WARNING: Warning: Undefined array key "variant" {"exception":{"class":"ErrorException","message":"Warning: Undefined array key \"variant\"","code":0,"file":"/var/www/html/custom/plugins/DemoPlugin/src/Subscriber/ListingSubscriber.php:57"}} []
[2026-04-22T10:08:55.003841+00:00] app.CRITICAL: Search index "demo_product" is unavailable, falling back to MySQL search. {"index":"demo_product","fallback":"mysql"} []
[2026-04-22T10:09:12.550672+00:00] app.INFO: Search index "demo_product" is reachable again. {"index":"demo_product"} []
[2026-04-22T10:10:00.000000+00:00] scheduled_task.NOTICE: Scheduled task "log_entry_cleanup" skipped: task is already running. {"task":"log_entry_cleanup"} []
[2026-04-22T10:11:38.918203+00:00] app.DEBUG: Cart rule loader resolved 3 active rules for the demo sales channel. {"rule_count":3} []
[2026-04-22T10:12:44.276511+00:00] request.ERROR: Uncaught PHP Exception Symfony\Component\HttpKernel\Exception\NotFoundHttpException: "No route found for \"GET http://demo.localhost/does-not-exist\"" at /var/www/html/vendor/symfony/http-kernel/EventListener/RouterListener.php line 156 {"exception":{"class":"Symfony\\Component\\HttpKernel\\Exception\\NotFoundHttpException","message":"No route found for \"GET http://demo.localhost/does-not-exist\"","code":0,"file":"/var/www/html/vendor/symfony/http-kernel/EventListener/RouterListener.php:156"}} []
[2026-04-22T10:13:20.731490+00:00] app.INFO: Import/export job "demo-product-import" finished: 120 records imported, 2 skipped. {"profile":"Default product","imported":120,"skipped":2} []
